// Jest Snapshot v1, https://goo.gl/fbAQLP

exports[`Should include the correct folders and create a namespace module 1`] = `
Object {
  "file": Object {
    "key": "value",
  },
  "other-modules": Object {
    "test": Array [
      "other module",
    ],
  },
  "submodules": Object {
    "data": Object {
      "data": Object {
        "samples": Array [
          "test",
          "hello",
        ],
      },
    },
    "module": [Function],
  },
}
`;

exports[`Should only include json files 1`] = `
Array [
  "test",
  "hello",
]
`;

exports[`Should throw an exception if the path doesn't exist 1`] = `"The path ./does-not-exist does not exists"`;

exports[`Should throw an exection if the first argument isn't a string 1`] = `"First argument should be a string"`;

exports[`Should work width ES module 1`] = `[Function]`;
